/anaconda/envs/py38_default/lib/python3.10/site-packages/torch/autograd/graph.py:882: UserWarning: CUDA initialization: The NVIDIA driver on your system is too old (found version 12020). Please update your GPU driver by downloading and installing a new version from the URL: http://www.nvidia.com/Download/index.aspx Alternatively, go to: https://pytorch.org to install a PyTorch version that has been compiled with your version of the CUDA driver. (Triggered internally at /pytorch/c10/cuda/CUDAFunctions.cpp:119.)
  return Variable._execution_engine.run_backward(  # Calls into the C++ engine to run the backward pass
[ssr] experiment=text_only config=configs/poc.yaml
[cohort] n=30 general=11 high=5
               UserId  suicide  y_general  y_high  status_posts
  204720893660851 -id      2.0          1       0            34
  462105087565740 -id      0.0          0       0           382
10216350023240597 -id      3.0          1       1           227
10212079190999992 -id      0.0          0       0            14
10101246572396157 -id      0.0          0       0            32
[posts] rows=1200 users=30 with_text=844 with_image=817
               UserId PostType                                                                                                                 free_text                            blob_guid
10101246572396157 -id     link                                                  Last day before Drew’s Fun Run......help her raise money for her school! 8b67d957-c565-e811-80c3-000d3a12fa8b
10101246572396157 -id     link                                                                                                How about this guy........ 9267d957-c565-e811-80c3-000d3a12fa8b
10101246572396157 -id    photo Great way to end my first year at Stockton......the university is expanding rapdily and it is great to be a part of that! 9867d957-c565-e811-80c3-000d3a12fa8b
[captions] skipped (text-only / --skip-captions)
[corpus] users=30 mean_posts=28.1 mean_chars=3526
  sample UserId=10101246572396157 -id n_posts=30
  snippet: [post] Just submitted a grant I have been working on since October........time to celebrate by staring at my office wall for 5 minutes before I need to start working on one of the next 20 things that need my immediate attention........academia is a blast! [post] Excited to give a talk about brown fat at the American Diabetes Association meeting tomorrow .....because everyone loves some good brown fat [post] The dude.... [post] The girls out on the field before the Trenton Thunder game......... [...
[represent:qwen3_0_6b] all 30 users cached
[represent:smollm2_360m] all 30 users cached
[represent] qwen3_0_6b: 31 user files in /home/student/nlp_proj_v2/artifacts/text_only/reps/qwen3_0_6b
[represent] smollm2_360m: 30 user files in /home/student/nlp_proj_v2/artifacts/text_only/reps/smollm2_360m
[train] loading blocks for 30 users ...
[train] stm_general fold 0: grid size 32, train=19 dev=5 test=6 in_dim=1024 k_block=18
[train] stm_general fold 0: test AUC=0.778 PR-AUC=0.867 F1=0.667 d=1.081
[train] stm_general fold 1: grid size 32, train=19 dev=5 test=6 in_dim=1024 k_block=18
[train] stm_general fold 1: test AUC=0.375 PR-AUC=0.367 F1=0.000 d=-0.451
[train] stm_general fold 2: grid size 32, train=19 dev=5 test=6 in_dim=1024 k_block=18
[train] stm_general fold 2: test AUC=0.375 PR-AUC=0.367 F1=0.400 d=-0.451
[train] stm_general fold 3: grid size 32, train=19 dev=5 test=6 in_dim=1024 k_block=18
[train] stm_general fold 3: test AUC=0.625 PR-AUC=0.700 F1=0.500 d=0.451
[train] stm_general fold 4: grid size 32, train=19 dev=5 test=6 in_dim=1024 k_block=18
[train] stm_general fold 4: test AUC=0.375 PR-AUC=0.417 F1=0.400 d=-0.451
[train] stm_high fold 0: grid size 32, train=19 dev=5 test=6 in_dim=1024 k_block=18
[train] stm_high fold 0: test AUC=1.000 PR-AUC=1.000 F1=0.667 d=6.722
[train] stm_high fold 1: grid size 32, train=19 dev=5 test=6 in_dim=1024 k_block=18
[train] stm_high fold 1: test AUC=nan PR-AUC=nan F1=0.000 d=nan
[train] stm_high fold 2: grid size 32, train=19 dev=5 test=6 in_dim=1024 k_block=18
[train] stm_high fold 2: test AUC=0.800 PR-AUC=0.500 F1=0.667 d=1.190
[train] stm_high fold 3: grid size 32, train=19 dev=5 test=6 in_dim=1024 k_block=18
[train] stm_high fold 3: test AUC=0.200 PR-AUC=0.200 F1=0.000 d=-1.190
[train] stm_high fold 4: grid size 32, train=19 dev=5 test=6 in_dim=1024 k_block=18
[train] stm_high fold 4: test AUC=0.200 PR-AUC=0.200 F1=0.000 d=-1.190
[train] mtm_general fold 0: grid size 32, train=19 dev=5 test=6 in_dim=1024 k_block=18
[train] mtm_general fold 0: test AUC=0.000 PR-AUC=0.383 F1=0.000 d=-6.722
[train] mtm_general fold 1: grid size 32, train=19 dev=5 test=6 in_dim=1024 k_block=18
[train] mtm_general fold 1: test AUC=0.750 PR-AUC=0.583 F1=0.500 d=0.954
[train] mtm_general fold 2: grid size 32, train=19 dev=5 test=6 in_dim=1024 k_block=18
[train] mtm_general fold 2: test AUC=0.500 PR-AUC=0.667 F1=0.667 d=0.000
[train] mtm_general fold 3: grid size 32, train=19 dev=5 test=6 in_dim=1024 k_block=18
[train] mtm_general fold 3: test AUC=0.500 PR-AUC=0.667 F1=0.667 d=0.000
[train] mtm_general fold 4: grid size 32, train=19 dev=5 test=6 in_dim=1024 k_block=18
[train] mtm_general fold 4: test AUC=0.500 PR-AUC=0.417 F1=0.400 d=0.000
[train] mtm_high fold 0: grid size 32, train=19 dev=5 test=6 in_dim=1024 k_block=18
[train] mtm_high fold 0: test AUC=0.750 PR-AUC=0.750 F1=0.000 d=0.954
[train] mtm_high fold 1: grid size 32, train=19 dev=5 test=6 in_dim=1024 k_block=18
[train] mtm_high fold 1: test AUC=nan PR-AUC=nan F1=0.000 d=nan
[train] mtm_high fold 2: grid size 32, train=19 dev=5 test=6 in_dim=1024 k_block=18
[train] mtm_high fold 2: test AUC=1.000 PR-AUC=1.000 F1=0.000 d=6.722
[train] mtm_high fold 3: grid size 32, train=19 dev=5 test=6 in_dim=1024 k_block=18
[train] mtm_high fold 3: test AUC=0.600 PR-AUC=0.333 F1=0.000 d=0.358
[train] mtm_high fold 4: grid size 32, train=19 dev=5 test=6 in_dim=1024 k_block=18
[train] mtm_high fold 4: test AUC=0.600 PR-AUC=0.333 F1=0.400 d=0.358

=== SUMMARY ===
  stm_general: AUC=0.506 [0.342, 0.669]  PR=0.543  F1=0.393  d=0.036
  stm_high: AUC=0.550 [0.146, 0.954]  PR=0.475  F1=0.267  d=1.383
  mtm_general: AUC=0.450 [0.210, 0.690]  PR=0.543  F1=0.447  d=-1.154
  mtm_high: AUC=0.738 [0.553, 0.922]  PR=0.604  F1=0.080  d=2.098
