[wait] watching /home/student/nlp_proj_v2/pics.zip ...
[wait] not ready yet (size=7156269056); sleeping 60s
[wait] not ready yet (size=7229407232); sleeping 60s
[wait] not ready yet (size=7303331840); sleeping 60s
[wait] not ready yet (size=7377256448); sleeping 60s
[wait] not ready yet (size=7450918912); sleeping 60s
[wait] not ready yet (size=7524319232); sleeping 60s
[wait] not ready yet (size=7596146688); sleeping 60s
[wait] not ready yet (size=7668498432); sleeping 60s
[wait] not ready yet (size=7740850176); sleeping 60s
[wait] not ready yet (size=7813464064); sleeping 60s
[wait] not ready yet (size=7886077952); sleeping 60s
[wait] not ready yet (size=7958953984); sleeping 60s
[wait] not ready yet (size=8031567872); sleeping 60s
[wait] not ready yet (size=8104181760); sleeping 60s
[wait] not ready yet (size=8176795648); sleeping 60s
[wait] not ready yet (size=8249671680); sleeping 60s
[wait] not ready yet (size=8322285568); sleeping 60s
[wait] not ready yet (size=8395685888); sleeping 60s
[wait] not ready yet (size=8469610496); sleeping 60s
[wait] not ready yet (size=8542486528); sleeping 60s
[wait] not ready yet (size=8615100416); sleeping 60s
[wait] not ready yet (size=8688238592); sleeping 60s
[wait] not ready yet (size=8761376768); sleeping 60s
[wait] not ready yet (size=8834252800); sleeping 60s
[wait] not ready yet (size=8907390976); sleeping 60s
[wait] not ready yet (size=8980267008); sleeping 60s
[wait] not ready yet (size=9053143040); sleeping 60s
[wait] not ready yet (size=9126281216); sleeping 60s
[wait] not ready yet (size=9199419392); sleeping 60s
[wait] not ready yet (size=9272295424); sleeping 60s
[wait] not ready yet (size=9345433600); sleeping 60s
[wait] not ready yet (size=9418571776); sleeping 60s
[wait] not ready yet (size=9492496384); sleeping 60s
[wait] not ready yet (size=9566683136); sleeping 60s
[wait] not ready yet (size=9640345600); sleeping 60s
[wait] not ready yet (size=9714008064); sleeping 60s
[wait] not ready yet (size=9787670528); sleeping 60s
[wait] not ready yet (size=9862119424); sleeping 60s
[wait] not ready yet (size=9935781888); sleeping 60s
[wait] not ready yet (size=10009968640); sleeping 60s
[wait] not ready yet (size=10083631104); sleeping 60s
[wait] not ready yet (size=10157031424); sleeping 60s
[wait] not ready yet (size=10229645312); sleeping 60s
[wait] not ready yet (size=10302521344); sleeping 60s
[wait] not ready yet (size=10375659520); sleeping 60s
[wait] not ready yet (size=10449584128); sleeping 60s
[wait] not ready yet (size=10523508736); sleeping 60s
[wait] not ready yet (size=10597171200); sleeping 60s
[wait] not ready yet (size=10670047232); sleeping 60s
[wait] not ready yet (size=10742661120); sleeping 60s
[wait] not ready yet (size=10815799296); sleeping 60s
[wait] not ready yet (size=10888675328); sleeping 60s
[wait] not ready yet (size=10961813504); sleeping 60s
[wait] not ready yet (size=11034427392); sleeping 60s
[wait] not ready yet (size=11107303424); sleeping 60s
[wait] not ready yet (size=11180179456); sleeping 60s
[wait] not ready yet (size=11253055488); sleeping 60s
[wait] not ready yet (size=11325931520); sleeping 60s
[wait] not ready yet (size=11398545408); sleeping 60s
[wait] not ready yet (size=11471421440); sleeping 60s
[wait] not ready yet (size=11544297472); sleeping 60s
[wait] not ready yet (size=11616911360); sleeping 60s
[wait] not ready yet (size=11689263104); sleeping 60s
[wait] not ready yet (size=11761876992); sleeping 60s
[wait] not ready yet (size=11833704448); sleeping 60s
[wait] not ready yet (size=11906842624); sleeping 60s
[wait] zip ready: 12G
[ssr] experiment=standard config=configs/poc_standard.yaml
[cohort] n=30 general=11 high=5
               UserId  suicide  y_general  y_high  status_posts
  204720893660851 -id      2.0          1       0            34
  462105087565740 -id      0.0          0       0           382
10216350023240597 -id      3.0          1       1           227
10212079190999992 -id      0.0          0       0            14
10101246572396157 -id      0.0          0       0            32
[posts] rows=1200 users=30 with_text=844 with_image=817
               UserId PostType                                                                                                                 free_text                            blob_guid
10101246572396157 -id     link                                                  Last day before Drew’s Fun Run......help her raise money for her school! 8b67d957-c565-e811-80c3-000d3a12fa8b
10101246572396157 -id     link                                                                                                How about this guy........ 9267d957-c565-e811-80c3-000d3a12fa8b
10101246572396157 -id    photo Great way to end my first year at Stockton......the university is expanding rapdily and it is great to be a part of that! 9867d957-c565-e811-80c3-000d3a12fa8b
[captions] loading HuggingFaceTB/SmolVLM-256M-Instruct on cpu ...
[transformers] Model config: pad_token_id must be `None` or an integer within the vocabulary (between 0 and 31999), got 128002. This may result in unexpected behavior.
[transformers] `torch_dtype` is deprecated! Use `dtype` instead!
Loading weights:   0%|          | 0/471 [00:00<?, ?it/s]Loading weights:  49%|████▉     | 230/471 [00:00<00:00, 2254.70it/s]Loading weights:  97%|█████████▋| 457/471 [00:00<00:00, 2243.98it/s]Loading weights: 100%|██████████| 471/471 [00:00<00:00, 2260.88it/s]
captioning:   0%|          | 0/261 [00:00<?, ?it/s]captioning: 100%|██████████| 261/261 [00:00<00:00, 847301.35it/s]
[captions] n=0
